// Jest Snapshot v1, https://goo.gl/fbAQLP

exports[`<Sidebar /> should match snapshot 1`] = `
.c1 {
  color: #FAFAFA;
  font-size: 2.8rem;
}

.c0 {
  background-color: #9FC363;
  -webkit-flex: 3;
  -ms-flex: 3;
  flex: 3;
  display: -webkit-box;
  display: -webkit-flex;
  display: -ms-flexbox;
  display: flex;
  -webkit-box-pack: center;
  -webkit-justify-content: center;
  -ms-flex-pack: center;
  justify-content: center;
  -webkit-align-items: start;
  -webkit-box-align: start;
  -ms-flex-align: start;
  align-items: start;
}

<aside
  className="c0"
  data-testid="sidebar"
>
  <h1
    className="c1"
    color="white"
    data-testid="typography"
    size="xxlarge"
  >
    Sidebar
  </h1>
</aside>
`;
